<html>
<body>
<pre>
<h1>µVision Build Log</h1>
<h2>Tool Versions:</h2>
IDE-Version: ¦ÌVision V5.43.1.0
Copyright (C) 2025 ARM Ltd and ARM Germany GmbH. All rights reserved.
License Information: fdsf admin, fdsfds, LIC=VGXG8-35KHW-X7XRZ-JPTLU-MB3KT-5YE3L
 
Tool Versions:
Toolchain:       MDK-ARM Plus  Version: 5.43.0.0
Toolchain Path:  C:\Applications\Keil\ARM\ARMCC\Bin
C Compiler:      Armcc.exe V5.06 update 6 (build 750)
Assembler:       Armasm.exe V5.06 update 6 (build 750)
Linker/Locator:  ArmLink.exe V5.06 update 6 (build 750)
Library Manager: ArmAr.exe V5.06 update 6 (build 750)
Hex Converter:   FromElf.exe V5.06 update 6 (build 750)
CPU DLL:         SARMCM3.DLL V5.43.0.0
Dialog DLL:      DARMCM1.DLL V1.19.6.0
Target DLL:      STLink\ST-LINKIII-KEIL_SWO.dll V3.3.1.0
Dialog DLL:      TARMCM1.DLL V1.14.6.0
 
<h2>Project:</h2>
E:\WorkSpace\WaterGauge\Software\WaterGauge01\MDK-ARM\WaterGauge01.uvprojx
Project File Date:  06/23/2026

<h2>Output:</h2>
*** Using Compiler 'V5.06 update 6 (build 750)', folder: 'C:\Applications\Keil\ARM\ARMCC\Bin'
Rebuild target 'WaterGauge01'
assembling startup_stm32l031xx.s...
compiling stm32l0xx_hal_flash.c...
compiling main.c...
../Inc/main.h(67): warning:  #1295-D: Deprecated declaration GetWaterLevel - give arg types
  uint16_t GetWaterLevel();
../Src/main.c(337): warning:  #188-D: enumerated type mixed with another type
      HAL_GPIO_WritePin(GPIOA,GPIO_PIN_5,chipselect[i][0]);
../Src/main.c(338): warning:  #188-D: enumerated type mixed with another type
      HAL_GPIO_WritePin(GPIOA,GPIO_PIN_6,chipselect[i][1]);
../Src/main.c(339): warning:  #188-D: enumerated type mixed with another type
      HAL_GPIO_WritePin(GPIOA,GPIO_PIN_7,chipselect[i][2]);
../Src/main.c(342): warning:  #188-D: enumerated type mixed with another type
        HAL_GPIO_WritePin(GPIOA,GPIO_PIN_0,channelselect[j][0]);
../Src/main.c(343): warning:  #188-D: enumerated type mixed with another type
        HAL_GPIO_WritePin(GPIOA,GPIO_PIN_1,channelselect[j][1]);
../Src/main.c(344): warning:  #188-D: enumerated type mixed with another type
        HAL_GPIO_WritePin(GPIOA,GPIO_PIN_4,channelselect[j][2]);
../Src/main.c(480): warning:  #1-D: last line of file ends without a newline
  }
../Src/main.c: 8 warnings, 0 errors
compiling stm32l0xx_it.c...
../Inc/main.h(67): warning:  #1295-D: Deprecated declaration GetWaterLevel - give arg types
  uint16_t GetWaterLevel();
../Src/stm32l0xx_it.c: 1 warning, 0 errors
compiling stm32l0xx_hal_msp.c...
../Inc/main.h(67): warning:  #1295-D: Deprecated declaration GetWaterLevel - give arg types
  uint16_t GetWaterLevel();
../Src/stm32l0xx_hal_msp.c: 1 warning, 0 errors
compiling stm32l0xx_hal_tim_ex.c...
compiling stm32l0xx_hal_i2c_ex.c...
compiling stm32l0xx_hal.c...
compiling stm32l0xx_hal_flash_ramfunc.c...
compiling stm32l0xx_hal_gpio.c...
compiling stm32l0xx_hal_flash_ex.c...
compiling stm32l0xx_hal_rcc_ex.c...
compiling stm32l0xx_hal_dma.c...
compiling stm32l0xx_hal_rcc.c...
compiling stm32l0xx_hal_tim.c...
compiling stm32l0xx_hal_i2c.c...
compiling stm32l0xx_hal_cortex.c...
compiling stm32l0xx_hal_pwr_ex.c...
compiling system_stm32l0xx.c...
compiling stm32l0xx_hal_pwr.c...
compiling stm32l0xx_hal_exti.c...
compiling stm32l0xx_hal_uart_ex.c...
compiling stm32l0xx_hal_uart.c...
linking...
Program Size: Code=8212 RO-data=320 RW-data=24 ZI-data=1984  
FromELF: creating hex file...
"WaterGauge01\WaterGauge01.axf" - 0 Error(s), 10 Warning(s).

<h2>Software Packages used:</h2>

Package Vendor: ARM
                https://www.keil.com/pack/ARM.CMSIS.6.3.0.pack
                ARM::CMSIS@6.3.0
                CMSIS (Common Microcontroller Software Interface Standard)
   * Component: CORE Version: 6.2.0

Package Vendor: Keil
                http://www.keil.com/pack/Keil.STM32L0xx_DFP.2.0.0.pack
                Keil::STM32L0xx_DFP@2.0.0
                STMicroelectronics STM32L0 Series Device Support, Drivers and Examples

<h2>Collection of Component include folders:</h2>
  ./RTE/_WaterGauge01
  C:/Applications/Keil/Packs/ARM/CMSIS/6.3.0/CMSIS/Core/Include
  C:/Applications/Keil/Packs/Keil/STM32L0xx_DFP/2.0.0/Drivers/CMSIS/Device/ST/STM32L0xx/Include

<h2>Collection of Component Files used:</h2>

   * Component: ARM::CMSIS:CORE@6.2.0
      Include file:  CMSIS/Core/Include/tz_context.h
Build Time Elapsed:  00:00:02
</pre>
</body>
</html>
